// Jest Snapshot v1, https://goo.gl/fbAQLP

exports[`Post renders correctly 1`] = `
<div
  className="post"
>
  <a
    className="post__home-button"
    href="/"
  >
    All Articles
  </a>
  <div
    className="post__content"
  >
    <div
      className="content"
    >
      <h1
        className="content__title"
      >
        test
      </h1>
      <div
        className="content__body"
        dangerouslySetInnerHTML={
          Object {
            "__html": "<p>test</p>",
          }
        }
      />
    </div>
  </div>
  <div
    className="post__footer"
  >
    <div
      className="meta"
    >
      <p
        className="meta__date"
      >
        Published 
        1 Sept 2016
      </p>
    </div>
    <div
      className="topics"
    >
      <ul
        className="topics__list"
      >
        <li
          className="topics__list-item"
        >
          <a
            className="topics__list-item-link"
            href="/topic/test-0"
          >
            test_0
          </a>
        </li>
        <li
          className="topics__list-item"
        >
          <a
            className="topics__list-item-link"
            href="/topic/test-1"
          >
            test_1
          </a>
        </li>
      </ul>
    </div>
    <div
      className="author"
    >
      <p
        className="author__bio"
      >
        Test bio
        <a
          className="author__bio-twitter"
          href="https://www.twitter.com/#"
          rel="noopener noreferrer"
          target="_blank"
        >
          <strong>
            Test name
          </strong>
           on Twitter
        </a>
      </p>
    </div>
  </div>
  <div
    className="post__comments"
  />
</div>
`;
